
> verifix-jobs-admin@0.2.0 start
> ng serve --port 4201

[33m>[39m Building...
[32m√[39m Building...
[1mInitial chunk files[22m[2m | [22m[1mNames[22m                  [2m | [22m [1mRaw size[22m[2m | [22m[1mEstimated transfer size[22m
[32mchunk-3NK6MZSB.js[39m  [2m | [22m[2m-[22m                      [2m | [22m[36m145.96 kB[39m[2m | [22m               [36m42.66 kB[39m
[32mchunk-5OPDXYAR.js[39m  [2m | [22m[2m-[22m                      [2m | [22m [36m83.76 kB[39m[2m | [22m               [36m21.20 kB[39m
[32mchunk-3PREHP4V.js[39m  [2m | [22m[2m-[22m                      [2m | [22m [36m47.91 kB[39m[2m | [22m               [36m12.99 kB[39m
[32mstyles.css[39m         [2m | [22m[2mstyles[22m                 [2m | [22m [36m20.13 kB[39m[2m | [22m                [36m3.81 kB[39m
[32mchunk-2GRTKJFR.js[39m  [2m | [22m[2m-[22m                      [2m | [22m [36m16.14 kB[39m[2m | [22m                [36m4.80 kB[39m
[32mmain.js[39m            [2m | [22m[2mmain[22m                   [2m | [22m  [36m7.91 kB[39m[2m | [22m                [36m2.78 kB[39m

[1m [22m                  [2m | [22m[1mInitial total[22m          [2m | [22m[1m321.81 kB[22m[2m | [22m               [1m88.22 kB[22m

[1mLazy chunk files[22m   [2m | [22m[1mNames[22m                  [2m | [22m [1mRaw size[22m[2m | [22m[1mEstimated transfer size[22m
[32mchunk-BGDLCIW3.js[39m  [2m | [22m[2mbrowser[22m                [2m | [22m [36m67.59 kB[39m[2m | [22m               [36m17.71 kB[39m
[32mchunk-PCHDNN2W.js[39m  [2m | [22m[2m-[22m                      [2m | [22m [36m43.49 kB[39m[2m | [22m                [36m8.64 kB[39m
[32mchunk-MBLWBGMJ.js[39m  [2m | [22m[2mab-testing-component[22m   [2m | [22m  [36m7.04 kB[39m[2m | [22m                [36m2.30 kB[39m
[32mchunk-F25R7HSE.js[39m  [2m | [22m[2mmoderation-component[22m   [2m | [22m  [36m5.66 kB[39m[2m | [22m                [36m2.03 kB[39m
[32mchunk-DU3XGDVE.js[39m  [2m | [22m[2msystem-config-component[22m[2m | [22m  [36m5.50 kB[39m[2m | [22m                [36m1.99 kB[39m
[32mchunk-JM2LCGCD.js[39m  [2m | [22m[2musers-component[22m        [2m | [22m  [36m5.49 kB[39m[2m | [22m                [36m2.00 kB[39m
[32mchunk-WODY3CTF.js[39m  [2m | [22m[2mdashboard-component[22m    [2m | [22m  [36m4.88 kB[39m[2m | [22m                [36m1.75 kB[39m
[32mchunk-BC624OX6.js[39m  [2m | [22m[2madmin-layout-component[22m [2m | [22m  [36m4.62 kB[39m[2m | [22m                [36m1.65 kB[39m
[32mchunk-RO6XAPPE.js[39m  [2m | [22m[2mlogin-component[22m        [2m | [22m  [36m3.94 kB[39m[2m | [22m                [36m1.49 kB[39m
[32mchunk-4FXXCICF.js[39m  [2m | [22m[2mfraud-component[22m        [2m | [22m  [36m3.92 kB[39m[2m | [22m                [36m1.55 kB[39m
[32mchunk-MP4PNO5Z.js[39m  [2m | [22m[2maudit-component[22m        [2m | [22m  [36m3.54 kB[39m[2m | [22m                [36m1.50 kB[39m
[32mchunk-3QD4KM33.js[39m  [2m | [22m[2manalytics-component[22m    [2m | [22m  [36m3.28 kB[39m[2m | [22m                [36m1.34 kB[39m
[32mchunk-47G6U2GC.js[39m  [2m | [22m[2m-[22m                      [2m | [22m  [36m1.95 kB[39m[2m | [22m              [36m619 bytes[39m

Application bundle generation complete. [1.628 seconds]

Watch mode enabled. Watching for file changes...
NOTE: Raw file sizes do not reflect development server per-request transformations.
  [32m➜[39m  [1mLocal[22m:   [36mhttp://localhost:[1m4201[22m/[39m
[33m>[39m Changes detected. Rebuilding...
[32m√[39m Changes detected. Rebuilding...
[1mInitial chunk files[22m[2m | [22m[1mNames[22m[2m | [22m[1mRaw size[22m[2m | [22m[1mEstimated transfer size[22m
[32mmain.js[39m            [2m | [22m[2mmain[22m [2m | [22m[36m42.65 kB[39m[2m | [22m               [36m14.05 kB[39m

Application bundle generation complete. [0.857 seconds]

Page reload sent to client(s).
